// Jest Snapshot v1, https://goo.gl/fbAQLP

exports[`default render 1`] = `
<button
  className="button "
  size="normal"
/>
`;

exports[`normal size 1`] = `
<button
  className="button "
  size="normal"
/>
`;

exports[`small size 1`] = `
<button
  className="button small"
  size="small"
/>
`;
