// Jest Snapshot v1, https://goo.gl/fbAQLP

exports[`default render 1`] = `
<div
  style={
    Object {
      "alignItems": "center",
      "display": "flex",
      "flexDirection": "row",
      "flexGrow": 1,
    }
  }
/>
`;
